[0m
> build · glm-5.2-high
[0m
[0m# [0mTodos
[•] 探索当前目录结构、测试文件和 vendor 参考
[ ] 实现 src/limiter.ts SimpleLimiter 令牌桶限流器
[ ] 运行 npm test 直到通过
[0m
[0m→ [0mRead .
[0m→ [0mRead package.json
[0m→ [0mRead tsconfig.json
[0m→ [0mRead src
[0m→ [0mRead test
[0m→ [0mRead vendor
[0m→ [0mRead test/acceptance.test.ts
[0m→ [0mRead test/hidden.test.ts
[0m→ [0mRead vendor/LocalDatastore.js
[0m→ [0mRead vendor/Bottleneck.js
我先阅读一下 vendor bottleneck 的源码，以了解 reservoir/refresh 机制。
[0m
[0m$ [0mnode --version
v24.18.0
[0m
[0m# [0mTodos
[✓] 探索当前目录结构、测试文件和 vendor 参考
[•] 实现 src/limiter.ts SimpleLimiter 令牌桶限流器
[ ] 运行 npm test 直到通过
[0m
Node 24 原生支持 TypeScript。现在实现 `src/limiter.ts`。
[0m← [0mWrite src/limiter.ts
Wrote file successfully.
[0m
[0m# [0mTodos
[✓] 探索当前目录结构、测试文件和 vendor 参考
[✓] 实现 src/limiter.ts SimpleLimiter 令牌桶限流器
[•] 运行 npm test 直到通过
[0m
[91m[1mError: [0mdirect model access is not allowed; request the model by its model group name
